
sbals@DESKTOP-0S4EG4U MINGW64 ~
$ ssh azadmin@10.0.0.4
ssh: connect to host 10.0.0.4 port 22: Connection timed out

sbals@DESKTOP-0S4EG4U MINGW64 ~
$ ssh azadmin@13.82.125.51
Welcome to Ubuntu 18.04.5 LTS (GNU/Linux 5.4.0-1046-azure x86_64)

 * Documentation:  https://help.ubuntu.com
 * Management:     https://landscape.canonical.com
 * Support:        https://ubuntu.com/advantage

  System information as of Sat May 15 00:32:45 UTC 2021

  System load:  0.0               Processes:              120
  Usage of /:   8.0% of 28.90GB   Users logged in:        0
  Memory usage: 41%               IP address for eth0:    10.0.0.4
  Swap usage:   0%                IP address for docker0: 172.17.0.1

 * Pure upstream Kubernetes 1.21, smallest, simplest cluster ops!

     https://microk8s.io/

 * Canonical Livepatch is available for installation.
   - Reduce system reboots and improve kernel security. Activate at:
     https://ubuntu.com/livepatch

8 updates can be applied immediately.
1 of these updates is a standard security update.
To see these additional updates run: apt list --upgradable


*** System restart required ***
Last login: Mon May 10 00:43:58 2021 from 108.30.245.34
azadmin@JumpBox:~$ sudo docker ps
CONTAINER ID   IMAGE                    COMMAND   CREATED      STATUS      PORTS     NAMES
04a2b901a6ac   cyberxsecurity/ansible   "bash"    8 days ago   Up 8 days             cool_sinoussi
azadmin@JumpBox:~$ sudo docker container start  cool_sinoussi
cool_sinoussi
azadmin@JumpBox:~$ sudo docker container attach cool_sinoussi
root@04a2b901a6ac:/etc/ansible# cat ~/.ssh/id_rsa.pub
ssh-rsa AAAAB3NzaC1yc2EAAAADAQABAAABAQC0EaOD99qA4eUV7vSxSQgr7cZm639TTwqpI3k3eI8O19ngpnPw1Pdc+kGxku1S/Cl2KgJsxUAlWPjcURV/VaAmJrkzz945d8k2Wu1EpnwfHxByAdU/YlmF3gQz4K49Q2QJdQyne3ZvGTD7MreQwnXBd9RJM3QvzCAFjdZ5eir4jhjVLn9fHoUzZMioXAemErJbFIjVv3XpK06oCfcAjLrPzJnXjAJAEy+NdrwE8Nytbq3R0J1Htr009u/8nAMRfs81PefesY7qUPsdzvLK/kbIhofSMMIP5wFTZ0NVFjpMrcemW/gtyoHKPFNtAtnqFlUD1i4S2V60pSxgtc2dnWLp root@04a2b901a6ac
root@04a2b901a6ac:/etc/ansible# ssh sysadmin@20.69.153.142
The authenticity of host '20.69.153.142 (20.69.153.142)' can't be established.
ECDSA key fingerprint is SHA256:AXjsFGd6aAHQ5pl4/XyP5AJw4K/WtiEDoPWDFRVIZLo.
Are you sure you want to continue connecting (yes/no)? yes
Warning: Permanently added '20.69.153.142' (ECDSA) to the list of known hosts.
Welcome to Ubuntu 18.04.5 LTS (GNU/Linux 5.4.0-1047-azure x86_64)

 * Documentation:  https://help.ubuntu.com
 * Management:     https://landscape.canonical.com
 * Support:        https://ubuntu.com/advantage

  System information as of Sat May 15 00:51:26 UTC 2021

  System load:  0.07              Processes:           128
  Usage of /:   4.6% of 28.90GB   Users logged in:     0
  Memory usage: 5%                IP address for eth0: 10.1.0.4
  Swap usage:   0%





The programs included with the Ubuntu system are free software;
the exact distribution terms for each program are described in the
individual files in /usr/share/doc/*/copyright.

Ubuntu comes with ABSOLUTELY NO WARRANTY, to the extent permitted by
applicable law.

To run a command as administrator (user "root"), use "sudo <command>".
See "man sudo_root" for details.

sysadmin@ELK-Server:~$ exit
logout
Connection to 20.69.153.142 closed.
root@04a2b901a6ac:/etc/ansible# ssh sysadmin@10.1.0.4
The authenticity of host '10.1.0.4 (10.1.0.4)' can't be established.
ECDSA key fingerprint is SHA256:AXjsFGd6aAHQ5pl4/XyP5AJw4K/WtiEDoPWDFRVIZLo.
Are you sure you want to continue connecting (yes/no)? yes
Warning: Permanently added '10.1.0.4' (ECDSA) to the list of known hosts.
Welcome to Ubuntu 18.04.5 LTS (GNU/Linux 5.4.0-1047-azure x86_64)

 * Documentation:  https://help.ubuntu.com
 * Management:     https://landscape.canonical.com
 * Support:        https://ubuntu.com/advantage

  System information as of Sat May 15 00:53:30 UTC 2021

  System load:  0.02              Processes:           124
  Usage of /:   4.6% of 28.90GB   Users logged in:     0
  Memory usage: 5%                IP address for eth0: 10.1.0.4
  Swap usage:   0%
root@04a2b901a6ac:/etc/ansible# cat hosts
# This is the default ansible 'hosts' file.
#
# It should live in /etc/ansible/hosts
#
#   - Comments begin with the '#' character
#   - Blank lines are ignored
#   - Groups of hosts are delimited by [header] elements
#   - You can enter hostnames or ip addresses
#   - A hostname/ip can be a member of multiple groups

# Ex 1: Ungrouped hosts, specify before any group headers.

## green.example.com
## blue.example.com
## 192.168.100.1
## 192.168.100.10

# Ex 2: A collection of hosts belonging to the 'webservers' group

[webservers]
## alpha.example.org
## beta.example.org
## 192.168.1.100
## 192.168.1.110
10.0.0.5 ansible_python_interpreter=/usr/bin/python3
10.0.0.6 ansible_python_interpreter=/usr/bin/python3
10.0.0.7 ansible_python_interpreter=/usr/bin/python3
## 10.1.0.4 is my ELK-Server machine
10.1.0.4 ansible_python_interpreter=/usr/bin/python3

# If you have multiple hosts following a pattern you can specify
# them like this:

## www[001:006].example.com

# Ex 3: A collection of database servers in the 'dbservers' group

## [dbservers]
##
## db01.intranet.mydomain.net
## db02.intranet.mydomain.net
## 10.25.1.56
root@04a2b901a6ac:/etc/ansible# ls
ELK_Server.yml  ansible.cfg  hosts  pentest.yml  roles
root@04a2b901a6ac:/etc/ansible# vim ELK_Server.yml
root@04a2b901a6ac:/etc/ansible# ansible-playbook ELK_Server.yml

PLAY [Config ELK_Server with Docker] ******************************************************************************************************

TASK [Gathering Facts] ********************************************************************************************************************
ok: [10.1.0.4]

root@04a2b901a6ac:/etc/ansible# ansible-playbook ELK_Server.yml

PLAY [Config ELK_Server with Docker] ******************************************************************************************************

TASK [Gathering Facts] ********************************************************************************************************************
ok: [10.1.0.4]

TASK [Use more memory] ********************************************************************************************************************
ok: [10.1.0.4]

TASK [docker.io] **************************************************************************************************************************
ok: [10.1.0.4]

TASK [Install pip3] ***********************************************************************************************************************
ok: [10.1.0.4]

TASK [Install Docker python module] *******************************************************************************************************
ok: [10.1.0.4]

TASK [download & launch a docker elk container] *******************************************************************************************
changed: [10.1.0.4]

PLAY RECAP ********************************************************************************************************************************
10.1.0.4                   : ok=6    changed=1    unreachable=0    failed=0    skipped=0    rescued=0    ignored=0

root@04a2b901a6ac:/etc/ansible# sudo docker ps
bash: sudo: command not found
root@04a2b901a6ac:/etc/ansible# ssh sysadmin@20.69.153.142
Welcome to Ubuntu 18.04.5 LTS (GNU/Linux 5.4.0-1047-azure x86_64)

 * Documentation:  https://help.ubuntu.com
 * Management:     https://landscape.canonical.com
 * Support:        https://ubuntu.com/advantage

  System information as of Sat May 15 05:33:55 UTC 2021

  System load:  0.05               Processes:              129
  Usage of /:   16.1% of 28.90GB   Users logged in:        0
  Memory usage: 70%                IP address for eth0:    10.1.0.4
  Swap usage:   0%                 IP address for docker0: 172.17.0.1


2 updates can be applied immediately.
1 of these updates is a standard security update.
To see these additional updates run: apt list --upgradable

New release '20.04.2 LTS' available.
Run 'do-release-upgrade' to upgrade to it.


Last login: Sat May 15 05:23:40 2021 from 10.0.0.4
sysadmin@ELK-Server:~$ sudo docker ps
CONTAINER ID   IMAGE          COMMAND                  CREATED         STATUS         PORTS                                                                              NAMES
c9ef64b9b6c2   sebp/elk:761   "/usr/local/bin/star…"   8 minutes ago   Up 8 minutes   0.0.0.0:5044->5044/tcp, 0.0.0.0:5601->5601/tcp, 0.0.0.0:9200->9200/tcp, 9300/tcp   elk
sysadmin@ELK-Server:~$ exit
logout
Connection to 20.69.153.142 closed.
root@04a2b901a6ac:/etc/ansible# vim hosts
root@04a2b901a6ac:/etc/ansible# ssh sysadmin@20.69.153.142
Welcome to Ubuntu 18.04.5 LTS (GNU/Linux 5.4.0-1047-azure x86_64)

 * Documentation:  https://help.ubuntu.com
 * Management:     https://landscape.canonical.com
 * Support:        https://ubuntu.com/advantage

  System information as of Sat May 15 05:51:30 UTC 2021

  System load:  0.0                Processes:              130
  Usage of /:   16.1% of 28.90GB   Users logged in:        0
  Memory usage: 70%                IP address for eth0:    10.1.0.4
  Swap usage:   0%                 IP address for docker0: 172.17.0.1


2 updates can be applied immediately.
1 of these updates is a standard security update.
To see these additional updates run: apt list --upgradable

New release '20.04.2 LTS' available.
Run 'do-release-upgrade' to upgrade to it.


Last login: Sat May 15 05:33:56 2021 from 13.82.125.51
sysadmin@ELK-Server:~$ sudo docker ps
CONTAINER ID   IMAGE          COMMAND                  CREATED          STATUS          PORTS                                                                              NAMES
c9ef64b9b6c2   sebp/elk:761   "/usr/local/bin/star…"   26 minutes ago   Up 26 minutes   0.0.0.0:5044->5044/tcp, 0.0.0.0:5601->5601/tcp, 0.0.0.0:9200->9200/tcp, 9300/tcp   elk
sysadmin@ELK-Server:~$ exit
logout
Connection to 20.69.153.142 closed.
root@04a2b901a6ac:/etc/ansible# vim ELK_Server.yml
root@04a2b901a6ac:/etc/ansible# ansible-playbook ELK_Server.yml

PLAY [Config ELK_Server with Docker] ******************************************************************************************************

TASK [Gathering Facts] ********************************************************************************************************************
ok: [10.1.0.4]

TASK [Use more memory] ********************************************************************************************************************
ok: [10.1.0.4]

TASK [docker.io] **************************************************************************************************************************
ok: [10.1.0.4]

TASK [Install pip3] ***********************************************************************************************************************
ok: [10.1.0.4]

TASK [Install Docker python module] *******************************************************************************************************
ok: [10.1.0.4]

TASK [download & launch a docker elk container] *******************************************************************************************
ok: [10.1.0.4]

TASK [Enable service docker on boot] ******************************************************************************************************
ok: [10.1.0.4]

PLAY RECAP ********************************************************************************************************************************
10.1.0.4                   : ok=7    changed=0    unreachable=0    failed=0    skipped=0    rescued=0    ignored=0

root@04a2b901a6ac:/etc/ansible# ssh sysadmin@20.69.153.142
Welcome to Ubuntu 18.04.5 LTS (GNU/Linux 5.4.0-1047-azure x86_64)

 * Documentation:  https://help.ubuntu.com
 * Management:     https://landscape.canonical.com
 * Support:        https://ubuntu.com/advantage

  System information as of Sat May 15 06:00:36 UTC 2021

  System load:  0.07               Processes:              132
  Usage of /:   16.1% of 28.90GB   Users logged in:        0
  Memory usage: 71%                IP address for eth0:    10.1.0.4
  Swap usage:   0%                 IP address for docker0: 172.17.0.1


2 updates can be applied immediately.
1 of these updates is a standard security update.
To see these additional updates run: apt list --upgradable

New release '20.04.2 LTS' available.
Run 'do-release-upgrade' to upgrade to it.


Last login: Sat May 15 06:00:28 2021 from 10.0.0.4
sysadmin@ELK-Server:~$ exit
logout
Connection to 20.69.153.142 closed.
root@04a2b901a6ac:/etc/ansible# ls
ELK_Server.yml  ansible.cfg  hosts  pentest.yml  roles
root@04a2b901a6ac:/etc/ansible# cat ^C
root@04a2b901a6ac:/etc/ansible# cat ELK_Server.yml


- name: Config ELK_Server with Docker
  hosts: elkservers
  remote_user: sysadmin
  become: true
  tasks:
          - name: Use more memory
            sysctl:
              name: vm.max_map_count
              value: '262144'
              state: present
              reload: yes


          - name: docker.io
            apt:
              update_cache: yes
              name: docker.io
              state: present


          - name: Install pip3
            apt:
              force_apt_get: yes
              name: python3-pip
              state: present


          - name: Install Docker python module
            pip:
              name: docker
              state: present


          - name: download & launch a docker elk container
            docker_container:
              name: elk
              image: sebp/elk:761
              state: started
              restart_policy: always
              published_ports:
                - 5601:5601
                - 9200:9200
                - 5044:5044


          - name: Enable service docker on boot
            systemd:
              name: docker
              enabled: yes



root@04a2b901a6ac:/etc/ansible#
